[cargokite.com/index.html]
[backblue.gif]
[fade.gif]
[index.html]
[media.bear.plus/cargokite/og_new.jpg]
[cargokite.com/favicon.05eea758.png]
[cargokite.com/index.d13a8d90.js]
[cargokite.com/index.78ddb5e8.css]
[cargokite.com/abt-info-1.c54342e9.jpg]
[cargokite.com/backer-sosv.09ab27a2.svg]
[cargokite.com/backer-fttf.07405581.svg]
[cargokite.com/future-planet-capital.2aa6641a.svg]
[cargokite.com/farvatn.b56e358d.svg]
[cargokite.com/about.html]
[cargokite.com/tech.html]
[cargokite.com/news.html]
[cargokite.com/home-hero-ocean-3.c091f11f.mp4]
[cargokite.com/home-hero-video-ph.72136e9e.jpg]
[cargokite.com/home-hero-ship-2.ae85f472.png]
[cargokite.com/home-intro-2.3b94665f.jpg]
[cargokite.com/home-abt-new.b4674cc5.jpg]
[cargokite.com/home-prob-1.37a6670e.jpg]
[cargokite.com/home-prob-2.019f548e.jpg]
[cargokite.com/home-prob-3.12efd66e.jpg]
[cargokite.com/home-prob-4.d447bad7.jpg]
[cargokite.com/home-prob-5.12b0d44b.jpg]
[cargokite.com/home-solu-head.95f4de3a.png]
[cargokite.com/home-solu-ship-3.3830224f.png]
[cargokite.com/home-shift-small-ship.56ce8f57.svg]
[cargokite.com/home-shift-big-ship.f7495267.svg]
[cargokite.com/home-solu-bg.27888d0a.jpg]
[cargokite.com/ship-color.b15f1dbb.png]
[cargokite.com/ship-dark.8cbb4bd3.png]
[cargokite.com/logo-2.356413f2.svg]
[cargokite.com/logo-16.9c6096db.svg]
[cargokite.com/logo-7.843497f8.svg]
[cargokite.com/logo-1.c8239208.svg]
[cargokite.com/logo-5.f0d7e9f3.svg]
[cargokite.com/logo.6013211a.svg]
[cargokite.com/logo-4.051759a2.svg]
[cargokite.com/logo-sosv.7245b982.svg]
[cargokite.com/logo-fttf.d0a2e55e.svg]
[cargokite.com/legal.html]
[cargokite.com/privacy.html]
[cargokite.com/index.html]
[cargokite.com/HelveticaNowDisplay.c3034e01.otf]
[cargokite.com/index.a05c254c.js]
[cargokite.com/HelveticaNowDisplayMedium.947709e3.otf]
[cargokite.com/HelveticaNowDisplayBold.966dafea.otf]
[cargokite.com/layers.1f3405d5.png]
[cargokite.com/layers-2x.9b8851de.png]
[cargokite.com/marker-icon.d320f894.png]
[cargokite.com/index.78ddb5e8.css]
[cargokite.com/logo-icon.0188e3e5.svg]
[cargokite.com/backer-sosv.09ab27a2.svg]
[cargokite.com/backer-fttf.07405581.svg]
[cargokite.com/future-planet-capital.2aa6641a.svg]
[cargokite.com/farvatn.b56e358d.svg]
[cargokite.com/1-abt-info.3186dc62.jpg]
[cargokite.com/2-abt-info.c4938e0b.jpg]
[cargokite.com/3-abt-info.674df294.jpg]
[cargokite.com/4-abt-info.2311225a.jpg]
[cargokite.com/abt-ship-behind.713027ef.png]
[cargokite.com/abt-ship-front.cae467ef.png]
[cargokite.com/1-abt-info.57f7d146.jpg]
[cargokite.com/team-mem-ahmad-1.5e1a1114.png]
[cargokite.com/team-mem-alex-1.80231ddb.jpg]
[cargokite.com/team-mem-amelie-1.fa200a86.png]
[cargokite.com/team-mem-marcus-1.a5ee25d9.png]
[cargokite.com/team-mem-martin-1.48a23de6.png]
[cargokite.com/team-mem-matt-1.70cb2838.png]
[cargokite.com/team-mem-royia-1.bb96c8d3.jpg]
[cargokite.com/team-mem-tim-1.a3ce2d7d.png]
[cargokite.com/team-mem-timon-1.91728ef0.png]
[cargokite.com/about.html]
[cargokite.com/tech-video-thumb.3720a874.mp4]
[cargokite.com/tech-video-main.b99a1903.mp4]
[cargokite.com/twin-board-1.aba26c57.png]
[cargokite.com/twin-board-1-mb.3c77e0ae.png]
[cargokite.com/twin-board-2.9ea7e399.png]
[cargokite.com/twin-board-2-mb.fd28c7bf.png]
[cargokite.com/twin-board-3.0699dc31.png]
[cargokite.com/twin-board-3-mb.2540e352.png]
[cargokite.com/twin-board-full.7d9f68cb.png]
[cargokite.com/twin-board-full-mb.205ddce0.png]
[cargokite.com/intro-vessel.16e71a0c.jpg]
[cargokite.com/intro-des.2dc9d8ea.jpg]
[cargokite.com/tech-intro-3.210ec43b.jpg]
[cargokite.com/tech-control.84291bb5.png]
[cargokite.com/tech.html]
[cargokite.com/dvz.8b1867fd.svg]
[cargokite.com/sz.b4d163f4.svg]
[cargokite.com/focus.e2b8f460.svg]
[cargokite.com/businessinsider.93740c62.svg]
[cargokite.com/news.html]
[cargokite.com/home-shift-big-ship.f7495267.svg]
[cargokite.com/home-shift-small-ship.56ce8f57.svg]
[cargokite.com/logo-17.27a1830d.svg]
[cargokite.com/logo-2.356413f2.svg]
[cargokite.com/logo-16.9c6096db.svg]
[cargokite.com/logo-6.9b6d7e7f.svg]
[cargokite.com/logo-7.843497f8.svg]
[cargokite.com/logo-1.c8239208.svg]
[cargokite.com/logo-5.f0d7e9f3.svg]
[cargokite.com/logo.6013211a.svg]
[cargokite.com/logo-4.051759a2.svg]
[cargokite.com/logo-sosv.7245b982.svg]
[cargokite.com/logo-fttf.d0a2e55e.svg]
[cargokite.com/legal.html]
[cargokite.com/privacy.html]
[cargokite.com/logo-news.bfdc12e8.svg]
[cargokite.com/stern.383ba49f.svg]
[cargokite.com/dvz.8b1867fd.svg]
[cargokite.com/bild.72415412.svg]
[cargokite.com/sz.b4d163f4.svg]
[cargokite.com/focus.e2b8f460.svg]
[cargokite.com/businessinsider.93740c62.svg]
[cargokite.com/tum.dd4390e7.svg]
[cargokite.com/fraunhofer.8e74f003.svg]
[cargokite.com/munich.42a97d24.svg]
[cargokite.com/baystartup.811c2bf4.svg]
